s=   30.0 n0=150   dps0=211   cert=  171.773 digits (node 171.773, dps 188.563)     21.8s
s=  30.25 n0=150   dps0=212   cert=  170.663 digits (node 170.663, dps 188.956)     21.1s
s=   30.5 n0=150   dps0=212   cert=  169.562 digits (node 169.562, dps 188.74)      4.5s
s=  30.75 n0=152   dps0=212   cert=   172.47 digits (node 172.47, dps 188.951)     19.2s
s=   31.0 n0=152   dps0=212   cert=  171.373 digits (node 171.373, dps 188.731)      4.7s
s=  31.25 n0=152   dps0=213   cert=  170.284 digits (node 170.284, dps 189.339)     15.1s
s=   31.5 n0=152   dps0=213   cert=  169.203 digits (node 169.203, dps 189.124)      4.9s
s=  31.75 n0=154   dps0=213   cert=  172.098 digits (node 172.098, dps 189.097)     31.1s
s=   32.0 n0=154   dps0=213   cert=   171.02 digits (node 171.02, dps 188.884)     11.2s
s=  32.25 n0=154   dps0=213   cert=   169.95 digits (node 169.95, dps 188.67)      9.3s
s=   32.5 n0=154   dps0=214   cert=  168.888 digits (node 168.888, dps 188.82)     37.1s
s=  32.75 n0=156   dps0=214   cert=  171.771 digits (node 171.771, dps 189.309)     38.1s
s=   33.0 n0=156   dps0=214   cert=  170.712 digits (node 170.712, dps 189.092)      9.4s
s=  33.25 n0=156   dps0=214   cert=   169.66 digits (node 169.66, dps 188.875)     10.7s
s=   33.5 n0=156   dps0=215   cert=  168.616 digits (node 168.616, dps 189.236)     42.5s
s=  33.75 n0=158   dps0=215   cert=  171.487 digits (node 171.487, dps 189.47)     43.9s
s=   34.0 n0=158   dps0=215   cert=  170.445 digits (node 170.445, dps 189.25)     10.7s
s=  34.25 n0=158   dps0=215   cert=   169.41 digits (node 169.41, dps 189.03)     11.3s
s=   34.5 n0=158   dps0=215   cert=  168.383 digits (node 168.383, dps 188.81)     11.4s
s=  34.75 n0=160   dps0=216   cert=  171.242 digits (node 171.242, dps 188.917)     46.8s
s=   35.0 n0=160   dps0=216   cert=  170.216 digits (node 170.216, dps 188.701)     10.7s
s=  35.25 n0=160   dps0=216   cert=  169.198 digits (node 169.198, dps 188.485)     12.7s
s=   35.5 n0=160   dps0=216   cert=  168.186 digits (node 168.186, dps 188.269)      9.3s
s=  35.75 n0=160   dps0=216   cert=  167.181 digits (node 167.181, dps 188.053)     10.1s
s=   36.0 n0=162   dps0=217   cert=  170.023 digits (node 170.023, dps 189.999)     46.2s
s=  36.25 n0=162   dps0=217   cert=   169.02 digits (node 169.02, dps 189.737)     14.5s
s=   36.5 n0=162   dps0=217   cert=  168.023 digits (node 168.023, dps 189.479)     14.0s
s=  36.75 n0=162   dps0=217   cert=  167.033 digits (node 167.033, dps 189.225)     12.2s
s=   37.0 n0=164   dps0=218   cert=  169.863 digits (node 169.863, dps 189.097)     47.9s
s=  37.25 n0=164   dps0=218   cert=  168.874 digits (node 168.874, dps 188.88)     12.1s
s=   37.5 n0=164   dps0=218   cert=  167.891 digits (node 167.891, dps 188.664)     13.4s
s=  37.75 n0=164   dps0=218   cert=  166.915 digits (node 166.915, dps 188.447)     12.0s
s=   38.0 n0=166   dps0=218   cert=  169.735 digits (node 169.735, dps 188.725)     46.7s
s=  38.25 n0=166   dps0=219   cert=  168.759 digits (node 168.759, dps 189.612)     45.0s
s=   38.5 n0=166   dps0=219   cert=   167.79 digits (node 167.79, dps 189.396)      4.5s
s=  38.75 n0=166   dps0=219   cert=  166.826 digits (node 166.826, dps 189.179)      5.1s
s=   39.0 n0=168   dps0=219   cert=  169.635 digits (node 169.635, dps 188.474)     24.5s
s=  39.25 n0=168   dps0=219   cert=  168.672 digits (node 168.672, dps 188.257)      6.1s
s=   39.5 n0=168   dps0=220   cert=  167.715 digits (node 167.715, dps 188.897)     21.3s
s=  39.75 n0=168   dps0=220   cert=  166.764 digits (node 166.764, dps 188.681)      5.9s
s=   40.0 n0=170   dps0=220   cert=  169.562 digits (node 169.562, dps 188.361)     21.1s
s=  40.25 n0=170   dps0=220   cert=  168.612 digits (node 168.612, dps 188.146)      4.6s
s=   40.5 n0=170   dps0=221   cert=  167.667 digits (node 167.667, dps 189.485)     24.3s
s=  40.75 n0=170   dps0=221   cert=  166.728 digits (node 166.728, dps 189.269)      6.5s
s=   41.0 n0=170   dps0=221   cert=  165.794 digits (node 165.794, dps 189.053)      6.5s
s=  41.25 n0=172   dps0=221   cert=  168.577 digits (node 168.577, dps 188.522)     25.7s
s=   41.5 n0=172   dps0=221   cert=  167.643 digits (node 167.643, dps 188.302)      7.4s
s=  41.75 n0=172   dps0=222   cert=  166.715 digits (node 166.715, dps 189.654)     23.2s
s=   42.0 n0=172   dps0=222   cert=  165.792 digits (node 165.792, dps 189.447)      5.6s
s=  42.25 n0=174   dps0=222   cert=  168.565 digits (node 168.565, dps 188.664)     21.9s
s=   42.5 n0=174   dps0=222   cert=  167.642 digits (node 167.642, dps 188.447)      5.5s
s=  42.75 n0=174   dps0=223   cert=  166.725 digits (node 166.725, dps 189.218)     21.1s
s=   43.0 n0=174   dps0=223   cert=  165.812 digits (node 165.812, dps 189.004)      5.5s
s=  43.25 n0=176   dps0=223   cert=  168.575 digits (node 168.575, dps 189.011)     22.0s
s=   43.5 n0=176   dps0=223   cert=  167.663 digits (node 167.663, dps 188.796)      5.5s
s=  43.75 n0=176   dps0=223   cert=  166.755 digits (node 166.755, dps 188.58)      6.0s
s=   44.0 n0=176   dps0=224   cert=  165.853 digits (node 165.853, dps 188.767)     19.1s
s=  44.25 n0=178   dps0=224   cert=  168.606 digits (node 168.606, dps 189.138)     19.8s
s=   44.5 n0=178   dps0=224   cert=  167.704 digits (node 167.704, dps 188.923)      6.0s
s=  44.75 n0=178   dps0=224   cert=  166.806 digits (node 166.806, dps 188.708)      5.8s
s=   45.0 n0=178   dps0=224   cert=  165.913 digits (node 165.913, dps 188.492)      6.1s

grid now 84 points; min certified digits 138.273
