grid: 53 points, s in [30.0, 89.0], min certified digits per point = 124.263

[model class] unrestricted fit: max|odd d_k| = 0.168864, max|even d_k| = 2.69765, ratio = 0.0625965

[order sweep, even-only model]
  K=  0  a= -0.49999999443522  b= -0.25006427499876  c= -0.438252791710975056029614827505133543  |dc|=-
  K=  1  a= -0.50000000000623  b= -0.24999989160288  c= -0.438501618233923982465715188877651704  |dc|=0.0002488
  K=  2  a= -0.49999999999998  b=  -0.2500000004442  c= -0.438501164121731003972451164286627417  |dc|=4.541e-7
  K=  3  a=              -0.5  b= -0.24999999999668  c= -0.438501166069583914978956901448596522  |dc|=1.948e-9
  K=  4  a=              -0.5  b= -0.25000000000004  c= -0.438501166054521062794425695840639992  |dc|=1.506e-11
  K=  5  a=              -0.5  b=             -0.25  c= -0.438501166054693784651154731061583509  |dc|=1.727e-13
  K=  6  a=              -0.5  b=             -0.25  c= -0.438501166054690604925329197601493754  |dc|=3.18e-15
  K=  7  a=              -0.5  b=             -0.25  c= -0.438501166054690680909592023582466472  |dc|=7.598e-17
  K=  8  a=              -0.5  b=             -0.25  c= -0.438501166054690678420314873364989719  |dc|=2.489e-18
  K=  9  a=              -0.5  b=             -0.25  c= -0.438501166054690678529210159859092707  |dc|=1.089e-19
  K= 10  a=              -0.5  b=             -0.25  c= -0.438501166054690678523247768850740241  |dc|=5.962e-21
  K= 11  a=              -0.5  b=             -0.25  c= -0.438501166054690678523692196962112002  |dc|=4.444e-22
  K= 12  a=              -0.5  b=             -0.25  c= -0.438501166054690678523651859518347169  |dc|=4.034e-23
  K= 13  a=              -0.5  b=             -0.25  c= -0.438501166054690678523656975810109479  |dc|=5.116e-24
  K= 14  a=              -0.5  b=             -0.25  c= -0.438501166054690678523656166182624351  |dc|=8.096e-25
  K= 15  a=              -0.5  b=             -0.25  c= -0.438501166054690678523656330600525527  |dc|=1.644e-25
  K= 16  a=              -0.5  b=             -0.25  c= -0.438501166054690678523656300318777042  |dc|=3.028e-26
  K= 17  a=              -0.5  b=             -0.25  c= -0.438501166054690678523656302694653196  |dc|=2.376e-27
  K= 18  a=              -0.5  b=             -0.25  c= -0.438501166054690678523656305046526152  |dc|=2.352e-27
  K= 19  a=              -0.5  b=             -0.25  c= -0.438501166054690678523656303600625042  |dc|=1.446e-27
  K= 20  a=              -0.5  b=             -0.25  c= -0.438501166054690678523656303923135154  |dc|=3.225e-28
  K= 21  a=              -0.5  b=             -0.25  c= -0.438501166054690678523656303999165378  |dc|=7.603e-29
  K= 22  a=              -0.5  b=             -0.25  c= -0.438501166054690678523656303924660495  |dc|=7.45e-29
  K= 23  a=              -0.5  b=             -0.25  c= -0.438501166054690678523656303933619066  |dc|=8.959e-30
  K= 24  a=              -0.5  b=             -0.25  c= -0.438501166054690678523656303944324153  |dc|=1.071e-29
  K= 25  a=              -0.5  b=             -0.25  c= -0.438501166054690678523656303940593207  |dc|=3.731e-30
  K= 26  a=              -0.5  b=             -0.25  c= -0.438501166054690678523656303939273604  |dc|=1.32e-30
  K= 27  a=              -0.5  b=             -0.25  c= -0.438501166054690678523656303940115001  |dc|=8.414e-31
  K= 28  a=              -0.5  b=             -0.25  c= -0.438501166054690678523656303940346613  |dc|=2.316e-31
  K= 29  a=              -0.5  b=             -0.25  c= -0.438501166054690678523656303940170423  |dc|=1.762e-31
  K= 30  a=              -0.5  b=             -0.25  c= -0.438501166054690678523656303940117981  |dc|=5.244e-32
  K= 31  a=              -0.5  b=             -0.25  c=  -0.43850116605469067852365630394015511  |dc|=3.713e-32
  K= 32  a=              -0.5  b=             -0.25  c= -0.438501166054690678523656303940170193  |dc|=1.508e-32
  K= 33  a=              -0.5  b=             -0.25  c=  -0.43850116605469067852365630394016334  |dc|=6.853e-33
  K= 34  a=              -0.5  b=             -0.25  c= -0.438501166054690678523656303940158664  |dc|=4.676e-33
  K= 35  a=              -0.5  b=             -0.25  c= -0.438501166054690678523656303940159389  |dc|=7.248e-34
  K= 36  a=              -0.5  b=             -0.25  c= -0.438501166054690678523656303940160758  |dc|=1.369e-33
  K= 37  a=              -0.5  b=             -0.25  c= -0.438501166054690678523656303940160932  |dc|=1.747e-34
  K= 38  a=              -0.5  b=             -0.25  c= -0.438501166054690678523656303940160611  |dc|=3.21e-34
  K= 39  a=              -0.5  b=             -0.25  c= -0.438501166054690678523656303940160454  |dc|=1.576e-34
  K= 40  a=              -0.5  b=             -0.25  c= -0.438501166054690678523656303940160496  |dc|=4.245e-35
  K= 41  a=              -0.5  b=             -0.25  c= -0.438501166054690678523656303940160556  |dc|=5.932e-35
  K= 42  a=              -0.5  b=             -0.25  c= -0.438501166054690678523656303940160567  |dc|=1.138e-35
  K= 43  a=              -0.5  b=             -0.25  c= -0.438501166054690678523656303940160553  |dc|=1.348e-35
  K= 44  a=              -0.5  b=             -0.25  c= -0.438501166054690678523656303940160544  |dc|=9.358e-36
  K= 45  a=              -0.5  b=             -0.25  c= -0.438501166054690678523656303940160544  |dc|=8.129e-38
  K= 46  a=              -0.5  b=             -0.25  c= -0.438501166054690678523656303940160547  |dc|=2.883e-36
  K= 47  a=              -0.5  b=             -0.25  c= -0.438501166054690678523656303940160548  |dc|=1.547e-36
  K= 48  a=              -0.5  b=             -0.25  c= -0.438501166054690678523656303940160548  |dc|=1.095e-37
  K= 49  a=              -0.5  b=             -0.25  c= -0.438501166054690678523656303940160548  |dc|=6.55e-37
  K= 50  a=              -0.5  b=             -0.25  c= -0.438501166054690678523656303940160547  |dc|=2.503e-37

selected K = 48  (flattest 3-order window)

[error budget on c]
  (E1) order truncation      : 6.54954e-37  -> 36.1838 digits
  (E2) window sensitivity    : 4.65094e-37  -> 36.3325 digits
  (E3) data-noise amplified  : 1.86774e-100  -> 99.7287 digits
  ADOPTED sigma_c            : 6.54954e-37
  HONEST DIGITS IN c         : 36   (working precision was 344 dps -- a different number)

[held-out test] s=43.0 excluded from fit, |prediction - computed| = 1.34063e-61

wrote out/constant.json
