grid: 224 points, s in [30.0, 149.0], min certified digits per point = 165.404

[model class] unrestricted fit: max|odd d_k| = 0.115272, max|even d_k| = 2.45479, ratio = 0.0469581

[order sweep, even-only model, stride 2]
  K=  0  a= -0.49999999737393  b= -0.25005571736449  c= -0.438279253080238205163758991875197427  |dc|=-
  K=  2  a=              -0.5  b= -0.25000000021297  c= -0.438501165071903086988245151056957008  |dc|=0.0002219
  K=  4  a=              -0.5  b= -0.25000000000001  c= -0.438501166054646857329660808690747655  |dc|=9.827e-10
  K=  6  a=              -0.5  b=             -0.25  c= -0.438501166054690669432481706671458817  |dc|=4.381e-14
  K=  8  a=              -0.5  b=             -0.25  c= -0.438501166054690678517580363730866767  |dc|=9.085e-18
  K= 10  a=              -0.5  b=             -0.25  c= -0.438501166054690678523645287241110264  |dc|=6.065e-21
  K= 12  a=              -0.5  b=             -0.25  c= -0.438501166054690678523656249703135071  |dc|=1.096e-23
  K= 14  a=              -0.5  b=             -0.25  c= -0.438501166054690678523656303227482153  |dc|=5.352e-26
  K= 16  a=              -0.5  b=             -0.25  c= -0.438501166054690678523656303924973769  |dc|=6.975e-28
  K= 18  a=              -0.5  b=             -0.25  c= -0.438501166054690678523656303940825518  |dc|=1.585e-29
  K= 20  a=              -0.5  b=             -0.25  c= -0.438501166054690678523656303940216794  |dc|=6.087e-31
  K= 22  a=              -0.5  b=             -0.25  c= -0.438501166054690678523656303940154234  |dc|=6.256e-32
  K= 24  a=              -0.5  b=             -0.25  c= -0.438501166054690678523656303940160892  |dc|=6.657e-33
  K= 26  a=              -0.5  b=             -0.25  c= -0.438501166054690678523656303940160542  |dc|=3.495e-34
  K= 28  a=              -0.5  b=             -0.25  c= -0.438501166054690678523656303940160546  |dc|=3.922e-36
  K= 30  a=              -0.5  b=             -0.25  c= -0.438501166054690678523656303940160548  |dc|=1.957e-36
  K= 32  a=              -0.5  b=             -0.25  c= -0.438501166054690678523656303940160548  |dc|=3.982e-37
  K= 34  a=              -0.5  b=             -0.25  c= -0.438501166054690678523656303940160548  |dc|=5.333e-38
  K= 36  a=              -0.5  b=             -0.25  c= -0.438501166054690678523656303940160548  |dc|=6.129e-39
  K= 38  a=              -0.5  b=             -0.25  c= -0.438501166054690678523656303940160548  |dc|=4.429e-40
  K= 40  a=              -0.5  b=             -0.25  c= -0.438501166054690678523656303940160548  |dc|=4.305e-41
  K= 42  a=              -0.5  b=             -0.25  c= -0.438501166054690678523656303940160548  |dc|=3.159e-41
  K= 44  a=              -0.5  b=             -0.25  c= -0.438501166054690678523656303940160548  |dc|=9.299e-42
  K= 46  a=              -0.5  b=             -0.25  c= -0.438501166054690678523656303940160548  |dc|=2.145e-42
  K= 48  a=              -0.5  b=             -0.25  c= -0.438501166054690678523656303940160548  |dc|=3.589e-43
  K= 50  a=              -0.5  b=             -0.25  c= -0.438501166054690678523656303940160548  |dc|=2.688e-44
  K= 52  a=              -0.5  b=             -0.25  c= -0.438501166054690678523656303940160548  |dc|=7.204e-45
  K= 54  a=              -0.5  b=             -0.25  c= -0.438501166054690678523656303940160548  |dc|=3.779e-45
  K= 56  a=              -0.5  b=             -0.25  c= -0.438501166054690678523656303940160548  |dc|=9.01e-46
  K= 58  a=              -0.5  b=             -0.25  c= -0.438501166054690678523656303940160548  |dc|=4.957e-47
  K= 60  a=              -0.5  b=             -0.25  c= -0.438501166054690678523656303940160548  |dc|=3.328e-47
  K= 62  a=              -0.5  b=             -0.25  c= -0.438501166054690678523656303940160548  |dc|=1.319e-47
  K= 64  a=              -0.5  b=             -0.25  c= -0.438501166054690678523656303940160548  |dc|=1.423e-48
  K= 66  a=              -0.5  b=             -0.25  c= -0.438501166054690678523656303940160548  |dc|=5.057e-49
  K= 68  a=              -0.5  b=             -0.25  c= -0.438501166054690678523656303940160548  |dc|=2.456e-49
  K= 70  a=              -0.5  b=             -0.25  c= -0.438501166054690678523656303940160548  |dc|=2.061e-50
  K= 72  a=              -0.5  b=             -0.25  c= -0.438501166054690678523656303940160548  |dc|=1.445e-50
  K= 74  a=              -0.5  b=             -0.25  c= -0.438501166054690678523656303940160548  |dc|=4.564e-51
  K= 76  a=              -0.5  b=             -0.25  c= -0.438501166054690678523656303940160548  |dc|=2.279e-52
  K= 78  a=              -0.5  b=             -0.25  c= -0.438501166054690678523656303940160548  |dc|=5.32e-52
  K= 80  a=              -0.5  b=             -0.25  c= -0.438501166054690678523656303940160548  |dc|=8.171e-53
  K= 82  a=              -0.5  b=             -0.25  c= -0.438501166054690678523656303940160548  |dc|=4.186e-53
  K= 84  a=              -0.5  b=             -0.25  c= -0.438501166054690678523656303940160548  |dc|=1.541e-53
  K= 86  a=              -0.5  b=             -0.25  c= -0.438501166054690678523656303940160548  |dc|=2.334e-54
  K= 88  a=              -0.5  b=             -0.25  c= -0.438501166054690678523656303940160548  |dc|=2.073e-54
  K= 90  a=              -0.5  b=             -0.25  c= -0.438501166054690678523656303940160548  |dc|=3.104e-56
  K= 92  a=              -0.5  b=             -0.25  c= -0.438501166054690678523656303940160548  |dc|=2.623e-55
  K= 94  a=              -0.5  b=             -0.25  c= -0.438501166054690678523656303940160548  |dc|=2.052e-56
  K= 96  a=              -0.5  b=             -0.25  c= -0.438501166054690678523656303940160548  |dc|=3.35e-56
  K= 98  a=              -0.5  b=             -0.25  c= -0.438501166054690678523656303940160548  |dc|=5.084e-57
  K=100  a=              -0.5  b=             -0.25  c= -0.438501166054690678523656303940160548  |dc|=4.525e-57
  K=102  a=              -0.5  b=             -0.25  c= -0.438501166054690678523656303940160548  |dc|=9.023e-58
  K=104  a=              -0.5  b=             -0.25  c= -0.438501166054690678523656303940160548  |dc|=6.406e-58
  K=106  a=              -0.5  b=             -0.25  c= -0.438501166054690678523656303940160548  |dc|=1.4e-58
  K=108  a=              -0.5  b=             -0.25  c= -0.438501166054690678523656303940160548  |dc|=1.066e-58
  K=110  a=              -0.5  b=             -0.25  c= -0.438501166054690678523656303940160548  |dc|=1.614e-59
  K=112  a=              -0.5  b=             -0.25  c= -0.438501166054690678523656303940160548  |dc|=2.318e-59
  K=114  a=              -0.5  b=             -0.25  c= -0.438501166054690678523656303940160548  |dc|=2.529e-60
  K=116  a=              -0.5  b=             -0.25  c= -0.438501166054690678523656303940160548  |dc|=3.516e-60
  K=118  a=              -0.5  b=             -0.25  c= -0.438501166054690678523656303940160548  |dc|=2.01e-61
  K=120  a=              -0.5  b=             -0.25  c= -0.438501166054690678523656303940160548  |dc|=6.344e-61
  K=122  a=              -0.5  b=             -0.25  c= -0.438501166054690678523656303940160548  |dc|=4.818e-62
  K=124  a=              -0.5  b=             -0.25  c= -0.438501166054690678523656303940160548  |dc|=1.278e-61
  K=126  a=              -0.5  b=             -0.25  c= -0.438501166054690678523656303940160548  |dc|=2.47e-62
  K=128  a=              -0.5  b=             -0.25  c= -0.438501166054690678523656303940160548  |dc|=2.07e-62
  K=130  a=              -0.5  b=             -0.25  c= -0.438501166054690678523656303940160548  |dc|=8.299e-63
  K=132  a=              -0.5  b=             -0.25  c= -0.438501166054690678523656303940160548  |dc|=2.539e-63
  K=134  a=              -0.5  b=             -0.25  c= -0.438501166054690678523656303940160548  |dc|=2.598e-63
  K=136  a=              -0.5  b=             -0.25  c= -0.438501166054690678523656303940160548  |dc|=9.955e-65
  K=138  a=              -0.5  b=             -0.25  c= -0.438501166054690678523656303940160548  |dc|=5.412e-64
  K=140  a=              -0.5  b=             -0.25  c= -0.438501166054690678523656303940160548  |dc|=1.131e-64
  K=142  a=              -0.5  b=             -0.25  c= -0.438501166054690678523656303940160548  |dc|=1.014e-64
  K=144  a=              -0.5  b=             -0.25  c= -0.438501166054690678523656303940160548  |dc|=5.237e-65
  K=146  a=              -0.5  b=             -0.25  c= -0.438501166054690678523656303940160548  |dc|=8.851e-66
  K=148  a=              -0.5  b=             -0.25  c= -0.438501166054690678523656303940160548  |dc|=1.535e-65
  K=150  a=              -0.5  b=             -0.25  c= -0.438501166054690678523656303940160548  |dc|=2.424e-66
  K=152  a=              -0.5  b=             -0.25  c= -0.438501166054690678523656303940160548  |dc|=2.959e-66
  K=154  a=              -0.5  b=             -0.25  c= -0.438501166054690678523656303940160548  |dc|=1.608e-66
  K=156  a=              -0.5  b=             -0.25  c= -0.438501166054690678523656303940160548  |dc|=2.116e-67
  K=158  a=              -0.5  b=             -0.25  c= -0.438501166054690678523656303940160548  |dc|=5.022e-67
  K=160  a=              -0.5  b=             -0.25  c= -0.438501166054690678523656303940160548  |dc|=1.283e-67
  K=162  a=              -0.5  b=             -0.25  c= -0.438501166054690678523656303940160548  |dc|=8.683e-68
  K=164  a=              -0.5  b=             -0.25  c= -0.438501166054690678523656303940160548  |dc|=6.75e-68
  K=166  a=              -0.5  b=             -0.25  c= -0.438501166054690678523656303940160548  |dc|=3.766e-69
  K=168  a=              -0.5  b=             -0.25  c= -0.438501166054690678523656303940160548  |dc|=1.72e-68
  K=170  a=              -0.5  b=             -0.25  c= -0.438501166054690678523656303940160548  |dc|=8.366e-69
  K=172  a=              -0.5  b=             -0.25  c= -0.438501166054690678523656303940160548  |dc|=1.179e-69
  K=174  a=              -0.5  b=             -0.25  c= -0.438501166054690678523656303940160548  |dc|=3.029e-69
  K=176  a=              -0.5  b=             -0.25  c= -0.438501166054690678523656303940160548  |dc|=1.018e-69
  K=178  a=              -0.5  b=             -0.25  c= -0.438501166054690678523656303940160548  |dc|=4.279e-70
  K=180  a=              -0.5  b=             -0.25  c= -0.438501166054690678523656303940160548  |dc|=4.879e-70
  K=182  a=              -0.5  b=             -0.25  c= -0.438501166054690678523656303940160548  |dc|=1.268e-70
  K=184  a=              -0.5  b=             -0.25  c= -0.438501166054690678523656303940160548  |dc|=8.08e-71
  K=186  a=              -0.5  b=             -0.25  c= -0.438501166054690678523656303940160548  |dc|=9.031e-71
  K=188  a=              -0.5  b=             -0.25  c= -0.438501166054690678523656303940160548  |dc|=1.745e-71
  K=190  a=              -0.5  b=             -0.25  c= -0.438501166054690678523656303940160548  |dc|=1.788e-71
  K=192  a=              -0.5  b=             -0.25  c= -0.438501166054690678523656303940160548  |dc|=1.456e-71
  K=194  a=              -0.5  b=             -0.25  c= -0.438501166054690678523656303940160548  |dc|=2.87e-72
  K=196  a=              -0.5  b=             -0.25  c= -0.438501166054690678523656303940160548  |dc|=3.251e-72
  K=198  a=              -0.5  b=             -0.25  c= -0.438501166054690678523656303940160548  |dc|=2.795e-72
  K=200  a=              -0.5  b=             -0.25  c= -0.438501166054690678523656303940160548  |dc|=5.724e-73
  K=202  a=              -0.5  b=             -0.25  c= -0.438501166054690678523656303940160548  |dc|=5.921e-73
  K=204  a=              -0.5  b=             -0.25  c= -0.438501166054690678523656303940160548  |dc|=5.399e-73
  K=206  a=              -0.5  b=             -0.25  c= -0.438501166054690678523656303940160548  |dc|=1.434e-73
  K=208  a=              -0.5  b=             -0.25  c= -0.438501166054690678523656303940160548  |dc|=1.012e-73
  K=210  a=              -0.5  b=             -0.25  c= -0.438501166054690678523656303940160548  |dc|=1.094e-73
  K=212  a=              -0.5  b=             -0.25  c= -0.438501166054690678523656303940160548  |dc|=3.796e-74
  K=214  a=              -0.5  b=             -0.25  c= -0.438501166054690678523656303940160548  |dc|=1.459e-74
  K=216  a=              -0.5  b=             -0.25  c= -0.438501166054690678523656303940160548  |dc|=2.262e-74
  K=218  a=              -0.5  b=             -0.25  c= -0.438501166054690678523656303940160548  |dc|=1.004e-74
  K=220  a=              -0.5  b=             -0.25  c= -0.438501166054690678523656303940160548  |dc|=2.74e-75

selected K = 218  (flattest 3-order window)

[error budget on c]
  (E1) order truncation      : 1.00398e-74  -> 73.9983 digits
  (E2) window sensitivity    : 4.2366e-76  -> 75.373 digits
  (E3) data-noise amplified  : 6.92354e-107  -> 106.16 digits
  ADOPTED sigma_c            : 1.00398e-74
  HONEST DIGITS IN c         : 73   (working precision was 965 dps -- a different number)

[held-out test] s=44.0 excluded from fit, |prediction - computed| = 1.59357e-120

wrote out/constant.json
