grid: 142 points, s in [30.0, 149.0], min certified digits per point = 165.792

[model class] unrestricted fit: max|odd d_k| = 0.0791589, max|even d_k| = 2.26711, ratio = 0.0349162

[order sweep, even-only model, stride 2]
  K=  0  a= -0.49999999837759  b= -0.25004237840345  c=  -0.43832371822375122714634287097014525  |dc|=-
  K=  2  a=              -0.5  b= -0.25000000009858  c=  -0.43850116558517251130793168178948834  |dc|=0.0001774
  K=  4  a=              -0.5  b=             -0.25  c=  -0.43850116605467874349134935929987266  |dc|=4.695e-10
  K=  6  a=              -0.5  b=             -0.25  c= -0.438501166054690677148162662383003548  |dc|=1.193e-14
  K=  8  a=              -0.5  b=             -0.25  c= -0.438501166054690678523162815897254932  |dc|=1.375e-18
  K= 10  a=              -0.5  b=             -0.25  c= -0.438501166054690678523655836474290505  |dc|=4.93e-22
  K= 12  a=              -0.5  b=             -0.25  c= -0.438501166054690678523656302838816366  |dc|=4.664e-25
  K= 14  a=              -0.5  b=             -0.25  c= -0.438501166054690678523656303934554497  |dc|=1.096e-27
  K= 16  a=              -0.5  b=             -0.25  c=  -0.43850116605469067852365630394009238  |dc|=5.538e-30
  K= 18  a=              -0.5  b=             -0.25  c= -0.438501166054690678523656303940160184  |dc|=6.78e-32
  K= 20  a=              -0.5  b=             -0.25  c= -0.438501166054690678523656303940160615  |dc|=4.313e-34
  K= 22  a=              -0.5  b=             -0.25  c= -0.438501166054690678523656303940160548  |dc|=6.716e-35
  K= 24  a=              -0.5  b=             -0.25  c= -0.438501166054690678523656303940160547  |dc|=6.673e-37
  K= 26  a=              -0.5  b=             -0.25  c= -0.438501166054690678523656303940160548  |dc|=1.74e-37
  K= 28  a=              -0.5  b=             -0.25  c= -0.438501166054690678523656303940160548  |dc|=9.472e-39
  K= 30  a=              -0.5  b=             -0.25  c= -0.438501166054690678523656303940160548  |dc|=2.05e-40
  K= 32  a=              -0.5  b=             -0.25  c= -0.438501166054690678523656303940160548  |dc|=1.182e-41
  K= 34  a=              -0.5  b=             -0.25  c= -0.438501166054690678523656303940160548  |dc|=2.478e-42
  K= 36  a=              -0.5  b=             -0.25  c= -0.438501166054690678523656303940160548  |dc|=3.079e-43
  K= 38  a=              -0.5  b=             -0.25  c= -0.438501166054690678523656303940160548  |dc|=3.375e-44
  K= 40  a=              -0.5  b=             -0.25  c= -0.438501166054690678523656303940160548  |dc|=3.759e-45
  K= 42  a=              -0.5  b=             -0.25  c= -0.438501166054690678523656303940160548  |dc|=4.061e-46
  K= 44  a=              -0.5  b=             -0.25  c= -0.438501166054690678523656303940160548  |dc|=4.54e-47
  K= 46  a=              -0.5  b=             -0.25  c= -0.438501166054690678523656303940160548  |dc|=4.978e-48
  K= 48  a=              -0.5  b=             -0.25  c= -0.438501166054690678523656303940160548  |dc|=5.265e-49
  K= 50  a=              -0.5  b=             -0.25  c= -0.438501166054690678523656303940160548  |dc|=3.039e-50
  K= 52  a=              -0.5  b=             -0.25  c= -0.438501166054690678523656303940160548  |dc|=3.842e-51
  K= 54  a=              -0.5  b=             -0.25  c= -0.438501166054690678523656303940160548  |dc|=1.94e-51
  K= 56  a=              -0.5  b=             -0.25  c= -0.438501166054690678523656303940160548  |dc|=5.233e-52
  K= 58  a=              -0.5  b=             -0.25  c= -0.438501166054690678523656303940160548  |dc|=1.007e-52
  K= 60  a=              -0.5  b=             -0.25  c= -0.438501166054690678523656303940160548  |dc|=1.562e-53
  K= 62  a=              -0.5  b=             -0.25  c= -0.438501166054690678523656303940160548  |dc|=1.277e-54
  K= 64  a=              -0.5  b=             -0.25  c= -0.438501166054690678523656303940160548  |dc|=2.088e-55
  K= 66  a=              -0.5  b=             -0.25  c= -0.438501166054690678523656303940160548  |dc|=1.301e-55
  K= 68  a=              -0.5  b=             -0.25  c= -0.438501166054690678523656303940160548  |dc|=3.174e-56
  K= 70  a=              -0.5  b=             -0.25  c= -0.438501166054690678523656303940160548  |dc|=3.587e-57
  K= 72  a=              -0.5  b=             -0.25  c= -0.438501166054690678523656303940160548  |dc|=2.419e-58
  K= 74  a=              -0.5  b=             -0.25  c= -0.438501166054690678523656303940160548  |dc|=3.547e-58
  K= 76  a=              -0.5  b=             -0.25  c= -0.438501166054690678523656303940160548  |dc|=9.821e-59
  K= 78  a=              -0.5  b=             -0.25  c= -0.438501166054690678523656303940160548  |dc|=7.515e-60
  K= 80  a=              -0.5  b=             -0.25  c= -0.438501166054690678523656303940160548  |dc|=4.253e-60
  K= 82  a=              -0.5  b=             -0.25  c= -0.438501166054690678523656303940160548  |dc|=1.898e-60
  K= 84  a=              -0.5  b=             -0.25  c= -0.438501166054690678523656303940160548  |dc|=2.568e-61
  K= 86  a=              -0.5  b=             -0.25  c= -0.438501166054690678523656303940160548  |dc|=7.505e-62
  K= 88  a=              -0.5  b=             -0.25  c= -0.438501166054690678523656303940160548  |dc|=4.495e-62
  K= 90  a=              -0.5  b=             -0.25  c= -0.438501166054690678523656303940160548  |dc|=6.245e-63
  K= 92  a=              -0.5  b=             -0.25  c= -0.438501166054690678523656303940160548  |dc|=2.743e-63
  K= 94  a=              -0.5  b=             -0.25  c= -0.438501166054690678523656303940160548  |dc|=1.338e-63
  K= 96  a=              -0.5  b=             -0.25  c= -0.438501166054690678523656303940160548  |dc|=7.323e-65
  K= 98  a=              -0.5  b=             -0.25  c= -0.438501166054690678523656303940160548  |dc|=1.314e-64
  K=100  a=              -0.5  b=             -0.25  c= -0.438501166054690678523656303940160548  |dc|=4.002e-65
  K=102  a=              -0.5  b=             -0.25  c= -0.438501166054690678523656303940160548  |dc|=6.202e-66
  K=104  a=              -0.5  b=             -0.25  c= -0.438501166054690678523656303940160548  |dc|=6.425e-66
  K=106  a=              -0.5  b=             -0.25  c= -0.438501166054690678523656303940160548  |dc|=5.31e-67
  K=108  a=              -0.5  b=             -0.25  c= -0.438501166054690678523656303940160548  |dc|=7.712e-67
  K=110  a=              -0.5  b=             -0.25  c= -0.438501166054690678523656303940160548  |dc|=2.057e-67
  K=112  a=              -0.5  b=             -0.25  c= -0.438501166054690678523656303940160548  |dc|=7.601e-68
  K=114  a=              -0.5  b=             -0.25  c= -0.438501166054690678523656303940160548  |dc|=4.119e-68
  K=116  a=              -0.5  b=             -0.25  c= -0.438501166054690678523656303940160548  |dc|=6.062e-69
  K=118  a=              -0.5  b=             -0.25  c= -0.438501166054690678523656303940160548  |dc|=7.483e-69
  K=120  a=              -0.5  b=             -0.25  c= -0.438501166054690678523656303940160548  |dc|=1.682e-70
  K=122  a=              -0.5  b=             -0.25  c= -0.438501166054690678523656303940160548  |dc|=1.237e-69
  K=124  a=              -0.5  b=             -0.25  c= -0.438501166054690678523656303940160548  |dc|=8.096e-71
  K=126  a=              -0.5  b=             -0.25  c= -0.438501166054690678523656303940160548  |dc|=2.112e-70
  K=128  a=              -0.5  b=             -0.25  c= -0.438501166054690678523656303940160548  |dc|=2.536e-71
  K=130  a=              -0.5  b=             -0.25  c= -0.438501166054690678523656303940160548  |dc|=3.941e-71
  K=132  a=              -0.5  b=             -0.25  c= -0.438501166054690678523656303940160548  |dc|=5.236e-72
  K=134  a=              -0.5  b=             -0.25  c= -0.438501166054690678523656303940160548  |dc|=7.539e-72
  K=136  a=              -0.5  b=             -0.25  c= -0.438501166054690678523656303940160548  |dc|=1.018e-72
  K=138  a=              -0.5  b=             -0.25  c= -0.438501166054690678523656303940160548  |dc|=1.41e-72

selected K = 136  (flattest 3-order window)

[error budget on c]
  (E1) order truncation      : 1.4105e-72  -> 71.8506 digits
  (E2) window sensitivity    : 7.81179e-73  -> 72.1072 digits
  (E3) data-noise amplified  : 3.81039e-114  -> 113.419 digits
  ADOPTED sigma_c            : 1.4105e-72
  HONEST DIGITS IN c         : 71   (working precision was 515 dps -- a different number)

[held-out test] s=67.0 excluded from fit, |prediction - computed| = 3.75487e-82

wrote out/constant.json
