==============================================================================
PHASE 0.4  PSLQ HARNESS
==============================================================================
  honest digits in c, D            : 71
  control-(i) sensitivity floor    : P >= 31
  reconfirmation budget            : P + 30 <= 68
  diagnostic precision P_max       : 68  (cannot satisfy criterion (a))
  coefficient sup-norm threshold   : 10000

  P is chosen per basis as the SMALLEST admissible precision,
  P = max(measured spurious threshold, control-(i) floor),
  because every digit spent on the search is a digit unavailable
  for the reconfirmation at P+30.

[1] basis constants recomputed at +30 digits
    1              agrees to 68.0 digits
    log2           agrees to 68.0 digits
    logpi          agrees to 68.0 digits
    gamma          agrees to 68.0 digits
    zeta'(-1)      agrees to 68.0 digits
    zeta(3)/pi^2   agrees to 68.0 digits
    Catalan        agrees to 68.0 digits
    log(1+sqrt2)   agrees to 68.0 digits
    zeta'(-1) vs 1/12 - log(Glaisher): agrees to 78.3895 digits

------------------------------------------------------------------------------
[basis of 8] ['1', 'log2', 'logpi', 'gamma', "zeta'(-1)", 'zeta(3)/pi^2', 'Catalan', 'log(1+sqrt2)']
------------------------------------------------------------------------------
  [2] spurious-relation threshold (random targets, blind to c)
    [pslq] NULL-random(dps=10,trial=0)  dps=10    maxcoeff=10000    -> NO RELATION
    [pslq] NULL-random(dps=10,trial=1)  dps=10    maxcoeff=10000    -> NO RELATION
    [pslq] NULL-random(dps=10,trial=2)  dps=10    maxcoeff=10000    -> NO RELATION
    [pslq] NULL-random(dps=15,trial=0)  dps=15    maxcoeff=10000    -> [1, 3, 2, 0, -3, -1, -14, -2, -1]
    [pslq] NULL-random(dps=15,trial=1)  dps=15    maxcoeff=10000    -> [-1, -3, 3, 2, -1, 3, 5, 0, 1]
    [pslq] NULL-random(dps=15,trial=2)  dps=15    maxcoeff=10000    -> [233, -231, -1, 0, -232, -231, -231, -1, -1]
    [pslq] NULL-random(dps=20,trial=0)  dps=20    maxcoeff=10000    -> [-18, 10, 8, -3, -7, -26, -9, 15, -1]
    [pslq] NULL-random(dps=20,trial=1)  dps=20    maxcoeff=10000    -> [-8, 5, 4, 5, 4, 0, 23, -20, 12]
    [pslq] NULL-random(dps=20,trial=2)  dps=20    maxcoeff=10000    -> [-103, 212, -53, 57, 26, -166, -180, -222, 53]
    [pslq] NULL-random(dps=25,trial=0)  dps=25    maxcoeff=10000    -> [47, -6, -11, 32, -72, -7, 119, -60, 9]
    [pslq] NULL-random(dps=25,trial=1)  dps=25    maxcoeff=10000    -> [-69, 49, 37, 1, 9, 83, 7, -16, 54]
    [pslq] NULL-random(dps=25,trial=2)  dps=25    maxcoeff=10000    -> [-17, -49, 74, 0, 22, 27, 22, 36, -26]
    [pslq] NULL-random(dps=30,trial=0)  dps=30    maxcoeff=10000    -> [69, 122, -30, 62, 179, 10, 29, 47, -471]
    [pslq] NULL-random(dps=30,trial=1)  dps=30    maxcoeff=10000    -> [-212, 115, -167, 93, 25, 42, 251, 99, 100]
    [pslq] NULL-random(dps=30,trial=2)  dps=30    maxcoeff=10000    -> [99, -11, 355, -96, 4, -15, -225, -135, -129]
    [pslq] NULL-random(dps=40,trial=0)  dps=40    maxcoeff=10000    -> [6174, -8769, -5954, 7812, -2717, -258, 2704, -839, -2369]
    [pslq] NULL-random(dps=40,trial=1)  dps=40    maxcoeff=10000    -> [-2757, -1897, 2730, 5270, -286, -907, 1657, -219, -2147]
    [pslq] NULL-random(dps=40,trial=2)  dps=40    maxcoeff=10000    -> [-5963, 7680, -8650, 2517, 4057, 5334, 2298, 5488, 525]
    [pslq] NULL-random(dps=50,trial=0)  dps=50    maxcoeff=10000    -> NO RELATION
    [pslq] NULL-random(dps=50,trial=1)  dps=50    maxcoeff=10000    -> NO RELATION
    [pslq] NULL-random(dps=50,trial=2)  dps=50    maxcoeff=10000    -> NO RELATION
    [pslq] NULL-random(dps=55,trial=0)  dps=55    maxcoeff=10000    -> NO RELATION
    [pslq] NULL-random(dps=55,trial=1)  dps=55    maxcoeff=10000    -> NO RELATION
    [pslq] NULL-random(dps=55,trial=2)  dps=55    maxcoeff=10000    -> NO RELATION
    [pslq] NULL-random(dps=60,trial=0)  dps=60    maxcoeff=10000    -> NO RELATION
    [pslq] NULL-random(dps=60,trial=1)  dps=60    maxcoeff=10000    -> NO RELATION
    [pslq] NULL-random(dps=60,trial=2)  dps=60    maxcoeff=10000    -> NO RELATION
    [pslq] NULL-random(dps=68,trial=0)  dps=68    maxcoeff=10000    -> NO RELATION
    [pslq] NULL-random(dps=68,trial=1)  dps=68    maxcoeff=10000    -> NO RELATION
    [pslq] NULL-random(dps=68,trial=2)  dps=68    maxcoeff=10000    -> NO RELATION
    [pslq] NULL-random(dps=80,trial=0)  dps=80    maxcoeff=10000    -> NO RELATION
    [pslq] NULL-random(dps=80,trial=1)  dps=80    maxcoeff=10000    -> NO RELATION
    [pslq] NULL-random(dps=80,trial=2)  dps=80    maxcoeff=10000    -> NO RELATION
      dps=10    random targets=3 relations found=0
      dps=15    random targets=3 relations found=3
      dps=20    random targets=3 relations found=3
      dps=25    random targets=3 relations found=3
      dps=30    random targets=3 relations found=3
      dps=40    random targets=3 relations found=3
      dps=50    random targets=3 relations found=0
      dps=55    random targets=3 relations found=0
      dps=60    random targets=3 relations found=0
      dps=68    random targets=3 relations found=0
      dps=80    random targets=3 relations found=0
    -> spurious relations persist below dps 50; basis usable only for P >= 50
    -> P = max(50, 31) = 50; needs P+30 = 80 <= 68  -> INSUFFICIENT PRECISION
    -> this basis needs c to >= 83 honest digits; have 71.
  [3] DIAGNOSTIC search at P_max=68 (not reportable by construction)
    [pslq] DIAGNOSTIC P_max=68          dps=68    maxcoeff=10000    -> [-12, 0, 1, 0, 0, 36, 0, 0, 0]
      -12*c +1*log2 +36*zeta'(-1) = 0
  [4,5] SKIPPED: running them here would be a guaranteed-fail protocol, not a test.

  >>> NOT reportable at basis size 8; shrinking basis per the pre-declared nesting.

------------------------------------------------------------------------------
[basis of 6] ['1', 'log2', 'logpi', 'gamma', "zeta'(-1)", 'zeta(3)/pi^2']
------------------------------------------------------------------------------
  [2] spurious-relation threshold (random targets, blind to c)
    [pslq] NULL-random(dps=10,trial=0)  dps=10    maxcoeff=10000    -> NO RELATION
    [pslq] NULL-random(dps=10,trial=1)  dps=10    maxcoeff=10000    -> NO RELATION
    [pslq] NULL-random(dps=10,trial=2)  dps=10    maxcoeff=10000    -> NO RELATION
    [pslq] NULL-random(dps=15,trial=0)  dps=15    maxcoeff=10000    -> [6, 0, 14, -15, 0, 4, -12]
    [pslq] NULL-random(dps=15,trial=1)  dps=15    maxcoeff=10000    -> [6, -11, -1, 5, -10, -4, 3]
    [pslq] NULL-random(dps=15,trial=2)  dps=15    maxcoeff=10000    -> [1463, -1461, -1, -1, -1463, -1462, -1463]
    [pslq] NULL-random(dps=20,trial=0)  dps=20    maxcoeff=10000    -> [64, -137, -53, 2, 72, -265, 2]
    [pslq] NULL-random(dps=20,trial=1)  dps=20    maxcoeff=10000    -> [-13, -33, 49, -26, 69, -29, 15]
    [pslq] NULL-random(dps=20,trial=2)  dps=20    maxcoeff=10000    -> [-10, 1, 32, 31, -85, -29, -35]
    [pslq] NULL-random(dps=25,trial=0)  dps=25    maxcoeff=10000    -> [-342, 75, 299, 131, -245, -160, 378]
    [pslq] NULL-random(dps=25,trial=1)  dps=25    maxcoeff=10000    -> [-271, 303, 185, 8, -85, 141, 237]
    [pslq] NULL-random(dps=25,trial=2)  dps=25    maxcoeff=10000    -> [353, 159, 245, -824, 232, -112, -173]
    [pslq] NULL-random(dps=30,trial=0)  dps=30    maxcoeff=10000    -> [-2606, 1754, 128, 1947, -11, 2221, -995]
    [pslq] NULL-random(dps=30,trial=1)  dps=30    maxcoeff=10000    -> [-977, 1107, 1763, 389, -586, 3947, -2435]
    [pslq] NULL-random(dps=30,trial=2)  dps=30    maxcoeff=10000    -> [-2102, 2741, 23, -1807, 2611, -2353, 2276]
    [pslq] NULL-random(dps=40,trial=0)  dps=40    maxcoeff=10000    -> NO RELATION
    [pslq] NULL-random(dps=40,trial=1)  dps=40    maxcoeff=10000    -> NO RELATION
    [pslq] NULL-random(dps=40,trial=2)  dps=40    maxcoeff=10000    -> NO RELATION
    [pslq] NULL-random(dps=50,trial=0)  dps=50    maxcoeff=10000    -> NO RELATION
    [pslq] NULL-random(dps=50,trial=1)  dps=50    maxcoeff=10000    -> NO RELATION
    [pslq] NULL-random(dps=50,trial=2)  dps=50    maxcoeff=10000    -> NO RELATION
    [pslq] NULL-random(dps=55,trial=0)  dps=55    maxcoeff=10000    -> NO RELATION
    [pslq] NULL-random(dps=55,trial=1)  dps=55    maxcoeff=10000    -> NO RELATION
    [pslq] NULL-random(dps=55,trial=2)  dps=55    maxcoeff=10000    -> NO RELATION
    [pslq] NULL-random(dps=60,trial=0)  dps=60    maxcoeff=10000    -> NO RELATION
    [pslq] NULL-random(dps=60,trial=1)  dps=60    maxcoeff=10000    -> NO RELATION
    [pslq] NULL-random(dps=60,trial=2)  dps=60    maxcoeff=10000    -> NO RELATION
    [pslq] NULL-random(dps=68,trial=0)  dps=68    maxcoeff=10000    -> NO RELATION
    [pslq] NULL-random(dps=68,trial=1)  dps=68    maxcoeff=10000    -> NO RELATION
    [pslq] NULL-random(dps=68,trial=2)  dps=68    maxcoeff=10000    -> NO RELATION
    [pslq] NULL-random(dps=80,trial=0)  dps=80    maxcoeff=10000    -> NO RELATION
    [pslq] NULL-random(dps=80,trial=1)  dps=80    maxcoeff=10000    -> NO RELATION
    [pslq] NULL-random(dps=80,trial=2)  dps=80    maxcoeff=10000    -> NO RELATION
      dps=10    random targets=3 relations found=0
      dps=15    random targets=3 relations found=3
      dps=20    random targets=3 relations found=3
      dps=25    random targets=3 relations found=3
      dps=30    random targets=3 relations found=3
      dps=40    random targets=3 relations found=0
      dps=50    random targets=3 relations found=0
      dps=55    random targets=3 relations found=0
      dps=60    random targets=3 relations found=0
      dps=68    random targets=3 relations found=0
      dps=80    random targets=3 relations found=0
    -> spurious relations persist below dps 40; basis usable only for P >= 40
    -> P = max(40, 31) = 40; needs P+30 = 70 <= 68  -> INSUFFICIENT PRECISION
    -> this basis needs c to >= 73 honest digits; have 71.
  [3] DIAGNOSTIC search at P_max=68 (not reportable by construction)
    [pslq] DIAGNOSTIC P_max=68          dps=68    maxcoeff=10000    -> [12, 0, -1, 0, 0, -36, 0]
      +12*c -1*log2 -36*zeta'(-1) = 0
  [4,5] SKIPPED: running them here would be a guaranteed-fail protocol, not a test.

  >>> NOT reportable at basis size 6; shrinking basis per the pre-declared nesting.

------------------------------------------------------------------------------
[basis of 4] ['1', 'log2', 'gamma', "zeta'(-1)"]
------------------------------------------------------------------------------
  [2] spurious-relation threshold (random targets, blind to c)
    [pslq] NULL-random(dps=10,trial=0)  dps=10    maxcoeff=10000    -> NO RELATION
    [pslq] NULL-random(dps=10,trial=1)  dps=10    maxcoeff=10000    -> NO RELATION
    [pslq] NULL-random(dps=10,trial=2)  dps=10    maxcoeff=10000    -> NO RELATION
    [pslq] NULL-random(dps=15,trial=0)  dps=15    maxcoeff=10000    -> [21, -10, -9, -24, 21]
    [pslq] NULL-random(dps=15,trial=1)  dps=15    maxcoeff=10000    -> [12, -4, -16, -17, -21]
    [pslq] NULL-random(dps=15,trial=2)  dps=15    maxcoeff=10000    -> [10, -17, -13, 44, 89]
    [pslq] NULL-random(dps=20,trial=0)  dps=20    maxcoeff=10000    -> [313, 901, -616, -1607, -205]
    [pslq] NULL-random(dps=20,trial=1)  dps=20    maxcoeff=10000    -> [-23, 190, -75, -140, 157]
    [pslq] NULL-random(dps=20,trial=2)  dps=20    maxcoeff=10000    -> [233, -412, 89, 79, -414]
    [pslq] NULL-random(dps=25,trial=0)  dps=25    maxcoeff=10000    -> [2596, 1190, 853, -5825, 7113]
    [pslq] NULL-random(dps=25,trial=1)  dps=25    maxcoeff=10000    -> [6167, -6353, 5078, -8363, 8287]
    [pslq] NULL-random(dps=25,trial=2)  dps=25    maxcoeff=10000    -> [1878, 3382, -5140, -1406, 9537]
    [pslq] NULL-random(dps=30,trial=0)  dps=30    maxcoeff=10000    -> NO RELATION
    [pslq] NULL-random(dps=30,trial=1)  dps=30    maxcoeff=10000    -> NO RELATION
    [pslq] NULL-random(dps=30,trial=2)  dps=30    maxcoeff=10000    -> NO RELATION
    [pslq] NULL-random(dps=40,trial=0)  dps=40    maxcoeff=10000    -> NO RELATION
    [pslq] NULL-random(dps=40,trial=1)  dps=40    maxcoeff=10000    -> NO RELATION
    [pslq] NULL-random(dps=40,trial=2)  dps=40    maxcoeff=10000    -> NO RELATION
    [pslq] NULL-random(dps=50,trial=0)  dps=50    maxcoeff=10000    -> NO RELATION
    [pslq] NULL-random(dps=50,trial=1)  dps=50    maxcoeff=10000    -> NO RELATION
    [pslq] NULL-random(dps=50,trial=2)  dps=50    maxcoeff=10000    -> NO RELATION
    [pslq] NULL-random(dps=55,trial=0)  dps=55    maxcoeff=10000    -> NO RELATION
    [pslq] NULL-random(dps=55,trial=1)  dps=55    maxcoeff=10000    -> NO RELATION
    [pslq] NULL-random(dps=55,trial=2)  dps=55    maxcoeff=10000    -> NO RELATION
    [pslq] NULL-random(dps=60,trial=0)  dps=60    maxcoeff=10000    -> NO RELATION
    [pslq] NULL-random(dps=60,trial=1)  dps=60    maxcoeff=10000    -> NO RELATION
    [pslq] NULL-random(dps=60,trial=2)  dps=60    maxcoeff=10000    -> NO RELATION
    [pslq] NULL-random(dps=68,trial=0)  dps=68    maxcoeff=10000    -> NO RELATION
    [pslq] NULL-random(dps=68,trial=1)  dps=68    maxcoeff=10000    -> NO RELATION
    [pslq] NULL-random(dps=68,trial=2)  dps=68    maxcoeff=10000    -> NO RELATION
    [pslq] NULL-random(dps=80,trial=0)  dps=80    maxcoeff=10000    -> NO RELATION
    [pslq] NULL-random(dps=80,trial=1)  dps=80    maxcoeff=10000    -> NO RELATION
    [pslq] NULL-random(dps=80,trial=2)  dps=80    maxcoeff=10000    -> NO RELATION
      dps=10    random targets=3 relations found=0
      dps=15    random targets=3 relations found=3
      dps=20    random targets=3 relations found=3
      dps=25    random targets=3 relations found=3
      dps=30    random targets=3 relations found=0
      dps=40    random targets=3 relations found=0
      dps=50    random targets=3 relations found=0
      dps=55    random targets=3 relations found=0
      dps=60    random targets=3 relations found=0
      dps=68    random targets=3 relations found=0
      dps=80    random targets=3 relations found=0
    -> spurious relations persist below dps 30; basis usable only for P >= 30
    -> P = max(30, 31) = 31; needs P+30 = 61 <= 68  -> OK
  [3] DIAGNOSTIC search at P_max=68 (not reportable by construction)
    [pslq] DIAGNOSTIC P_max=68          dps=68    maxcoeff=10000    -> [-12, 0, 1, 0, 36]
      -12*c +1*log2 +36*zeta'(-1) = 0
  [4] gated search at P=31, reconfirmation at P+30
    [pslq] TARGET c (P=31)              dps=31    maxcoeff=10000    -> [-12, 0, 1, 0, 36]
    [pslq] TARGET c (P+30=61)           dps=61    maxcoeff=10000    -> [-12, 0, 1, 0, 36]
  [5] null controls
    [pslq] NULL-perturbed c*(1+1e-20)   dps=31    maxcoeff=10000    -> NO RELATION
    [pslq] NULL-random 30-digit constant dps=31    maxcoeff=10000    -> NO RELATION
      null controls PASS

  >>> REPORTABLE at basis size 4: (a) reconfirmed at P+30 with identical coefficients, (b) sup-norm within threshold, (c) both null controls empty, and P is at or above the measured spurious threshold.
      -12*c +1*log2 +36*zeta'(-1) = 0

wrote out/pslq_result.json and out/pslq_calls.json
