[series] R starts at x^-4; first two coeffs 0, 0

  m      a_m  (coefficient of s^-m in sigma)        e_m in log det
  1                                     0   0
  2                                 -1/16   1/32
  3                                     0   0
  4                                 -5/32   5/128
  5                                     0   0
  6                              -131/128   131/768
  7                                     0   0
  8                             -6575/512   6575/4096
  9                                     0   0
 10                         -1080091/4096   1080091/40960
 11                                     0   0
 12                        -16483607/2048   16483607/24576
 13                                     0   0
 14                    -11212856393/32768   11212856393/458752
 15                                     0   0
 16                 -2534581701995/131072   2534581701995/2097152
 17                                     0   0
 18             -1470215325295927/1048576   1470215325295927/18874368
 19                                     0   0
 20           -266126511253407125/2097152   53225302250681425/8388608
 21                                     0   0
 22         -29408237325281123657/2097152   29408237325281123657/46137344
 23                                     0   0
 24      -15586818343427684079017/8388608   15586818343427684079017/201326592
 25                                     0   0
 26  -19515095342980370346193549/67108864   19515095342980370346193549/1744830464
 27                                     0   0
 28  -3561557658181190399337337345/67108864   3561557658181190399337337345/1879048192
 29                                     0   0
 30  -23990916462228670446948154489421/2147483648   23990916462228670446948154489421/64424509440
 31                                     0   0
 32  -23079454426237796434262265647511875/8589934592   23079454426237796434262265647511875/274877906944
 33                                     0   0
 34  -50313535441099844026279120544988155071/68719476736   50313535441099844026279120544988155071/2336462209024
 35                                     0   0
 36  -30842353546187186851458409463439585938783/137438953472   30842353546187186851458409463439585938783/4947802324992
 37                                     0   0
 38  -42254194871886695256285826426049537640702803/549755813888   42254194871886695256285826426049537640702803/20890720927744
 39                                     0   0
 40  -64311093809312865904989247847166045680485195175/2199023255552   12862218761862573180997849569433209136097039035/17592186044416
 41                                     0   0
 42  -216343093288163526132415297475953782461665185511507/17592186044416   216343093288163526132415297475953782461665185511507/738871813865472
 43                                     0   0
 44  -12507362390310689597948458293308905076440460253744575/2199023255552   12507362390310689597948458293308905076440460253744575/96757023244288
 45                                     0   0
 46  -101359848698743759363590757630248021874495880794019225567/35184372088832   101359848698743759363590757630248021874495880794019225567/1618481116086272
 47                                     0   0
 48  -224005606085869011970539728952047070640715591008996298777237/140737488355328   224005606085869011970539728952047070640715591008996298777237/6755399441055744
 49                                     0   0
 50  -1076124312248408677478698550782184270262847551604652641482049129/1125899906842624   1076124312248408677478698550782184270262847551604652641482049129/56294995342131200
 51                                     0   0
 52  -1400039256945541984942738846156692695168610403497293363460791052935/2251799813685248   1400039256945541984942738846156692695168610403497293363460791052935/117093590311632896
 53                                     0   0
 54  -1967056990900549968844115849129935420821437964928665466936384359972667/4503599627370496   1967056990900549968844115849129935420821437964928665466936384359972667/243194379878006784
 55                                     0   0
 56  -5952319232139097026096770362010216038162217187788196688942064895328507075/18014398509481984   5952319232139097026096770362010216038162217187788196688942064895328507075/1008806316530991104
 57                                     0   0
 58  -38690101877155510188077269639466070407485961041077607822043406867081796072847/144115188075855872   38690101877155510188077269639466070407485961041077607822043406867081796072847/8358680908399640576
 59                                     0   0
 60  -33679754022754810858964127072346829444961708149184580935038873076870487105036043/144115188075855872   33679754022754810858964127072346829444961708149184580935038873076870487105036043/8646911284551352320

[parity] all odd a_m vanish: True
[out] out/sigma_recursion.json
