==============================================================================
NODE-COUNT CONVERGENCE  (mp.dps fixed at 200; error vs n = 6*s)
   node counts are relative to s because the kernel bandwidth is ~2s/pi
==============================================================================

  s = 10   reference n = 60   logdet = -51.0138308426256690286272
       n    n/s    |logdet(n) - logdet(nref)|   agreeing digits
      10    1.0  Cholesky pivot 4 non-positive (-8.80298022643747952524829451959973936567100870170742333314610147837962708459958023674427197620147836909138653277672242820658291705973559656901621056288984042151662895566833685595645903904310133608344657059421e-06)                 -
      16    1.5                   0.000992294           3.00336
      20    2.0                    1.31012e-8           7.88269
      24    2.5                   4.35093e-14           13.3614
      30    3.0                   2.97485e-23           22.5265
      36    3.5                   2.22686e-33           32.6523
      40    4.0                   1.37081e-40            39.863
      44    4.5                   3.96211e-48           47.4021

  s = 20   reference n = 120   logdet = -201.1873558625719014869804
       n    n/s    |logdet(n) - logdet(nref)|   agreeing digits
      20    1.0  Cholesky pivot 6 non-positive (-5.05601984441801688275057425486651694167505215231043843872451999070168816165889854746622274760474431295479865535774001696031104983929918263024609450892192119352316896253933198140426555209233363444968147170816e-05)                 -
      30    1.5                     0.0115375           1.93789
      40    2.0                   2.10602e-14           13.6765
      50    2.5                   4.62053e-28           27.3353
      60    3.0                   2.60457e-43           42.5843
      70    3.5                    6.4831e-60           59.1882
      80    4.0                   1.07058e-77           76.9704
      90    4.5                   1.60821e-96           95.7937

  s = 30   reference n = 180   logdet = -451.2887657407862240163297
       n    n/s    |logdet(n) - logdet(nref)|   agreeing digits
      30    1.0  Cholesky pivot 9 non-positive (-2.14262788786875677055761990438982523793541756850178417047895387435286330409479911150901434775357412375648467913174496273359729634455778323063589220700985026715949158791670202175784082372429254745200522399935e-05)                 -
      44    1.5                      0.116213          0.934744
      60    2.0                   3.83172e-20           19.4166
      76    2.5                    5.6213e-42           41.2502
      90    3.0                   2.59247e-63           62.5863
     104    3.5                   1.98522e-86           85.7022
     120    4.0                  9.53424e-115           114.021
     136    4.5                  7.50164e-145           144.125

  s = 40   reference n = 240   logdet = -801.3607014830324944197159
       n    n/s    |logdet(n) - logdet(nref)|   agreeing digits
      40    1.0  Cholesky pivot 11 non-positive (-3.38263109426070442476450093505826903846060274283138512325121569495765981803714515111248795071163296740419455004355408392255983871352041793005913209604232350260163577284089517267726512149129942804816417507845e-06)                 -
      60    1.5                     0.0126743           1.89708
      80    2.0                   7.35804e-26           25.1332
     100    2.5                   5.70678e-53           52.2436
     120    3.0                    2.7265e-83           82.5644
     140    3.5                  2.40814e-116           115.618
     160    4.0                  8.97842e-152           151.047
     180    4.5                  7.66043e-170           169.116

==============================================================================
PRECISION CONVERGENCE  (n = 6*s; error vs dps=180)
   'digit loss' = dps - agreeing digits = conditioning cost of I-K_s
==============================================================================

  s = 10   (n = 60)
     dps   |logdet(dps) - logdet(ref)|   agreeing digits   digit loss
      60                   6.98193e-56            55.156        4.844
      80                   6.48906e-75           74.1878       5.8122
     100                    3.8041e-95           94.4197       5.5803
     120                  8.66777e-115           114.062       5.9379
     140                  1.45957e-135           134.836       5.1642

  s = 20   (n = 120)
     dps   |logdet(dps) - logdet(ref)|   agreeing digits   digit loss
      60                   2.12749e-47           46.6721       13.328
      80                   1.23168e-66           65.9095        14.09
     100                   3.05531e-87           86.5149       13.485
     120                  8.82978e-107           106.054       13.946
     140                  5.46101e-127           126.263       13.737

  s = 30   (n = 180)
     dps   |logdet(dps) - logdet(ref)|   agreeing digits   digit loss
      60                   2.47072e-38           37.6072       22.393
      80                   6.39646e-58           57.1941       22.806
     100                   3.83542e-78           77.4162       22.584
     120                   8.85437e-98           97.0528       22.947
     140                  8.64228e-118           117.063       22.937

  s = 40   (n = 240)
     dps   |logdet(dps) - logdet(ref)|   agreeing digits   digit loss
      60                   7.05039e-30           29.1518       30.848
      80                   2.51276e-49           48.5998         31.4
     100                   5.60603e-71           70.2513       29.749
     120                   8.52596e-90           89.0693       30.931
     140                  4.19598e-111           110.377       29.623

==============================================================================
STRUCTURAL CROSS-CHECKS
==============================================================================
  GL exactness on polynomials of degree < 24: max err 1.14794e-41
  parity factorisation vs unfactored determinant: 1.49675e-48
  mpmath backend vs gmpy2/MPFR backend:           3.77191e-106

wrote out/convergence.json  (147.4s)
