
==============================================================================
RUN  python test_smoke.py
==============================================================================
[gl rule]
  GL n=12: max |quad - exact| over deg<24 = 1.1479e-41
  GL nodes exactly symmetric: OK
[parity identity]
  s=1.0: factored vs full (mpmath),        rel diff = 2.3341e-50
  s=1.0: factored/gmpy2 vs full/mpmath,    rel diff = 1.6047e-50
  s=5.0: factored vs full (mpmath),        rel diff = 1.122e-49
  s=5.0: factored/gmpy2 vs full/mpmath,    rel diff = 9.7778e-50
[spd diagnostic]
  under-resolved (s=30, n=40) correctly raised: Cholesky pivot 19 non-positive (-3.0628812795156361817748456058543384084109166379182156447685299988452638999476012548998701658538462767830345558094442108460668150187295282959359706149180903615539910008e-23)
[timing]
  n=  60 dps=  60:    1.03s  logdet(10)=-51.0138308426
  n= 120 dps= 120:    4.38s  logdet(10)=-51.0138308426
  n= 200 dps= 160:   14.17s  logdet(10)=-51.0138308426
ALL SMOKE TESTS PASSED

==============================================================================
RUN  python fit_constant.py
==============================================================================
grid: 142 points, s in [30.0, 149.0], min certified digits per point = 165.792

[model class] unrestricted fit: max|odd d_k| = 0.0791589, max|even d_k| = 2.26711, ratio = 0.0349162

[order sweep, even-only model, stride 2]
  K=  0  a= -0.49999999837759  b= -0.25004237840345  c=  -0.43832371822375122714634287097014525  |dc|=-
  K=  2  a=              -0.5  b= -0.25000000009858  c=  -0.43850116558517251130793168178948834  |dc|=0.0001774
  K=  4  a=              -0.5  b=             -0.25  c=  -0.43850116605467874349134935929987266  |dc|=4.695e-10
  K=  6  a=              -0.5  b=             -0.25  c= -0.438501166054690677148162662383003548  |dc|=1.193e-14
  K=  8  a=              -0.5  b=             -0.25  c= -0.438501166054690678523162815897254932  |dc|=1.375e-18
  K= 10  a=              -0.5  b=             -0.25  c= -0.438501166054690678523655836474290505  |dc|=4.93e-22
  K= 12  a=              -0.5  b=             -0.25  c= -0.438501166054690678523656302838816366  |dc|=4.664e-25
  K= 14  a=              -0.5  b=             -0.25  c= -0.438501166054690678523656303934554497  |dc|=1.096e-27
  K= 16  a=              -0.5  b=             -0.25  c=  -0.43850116605469067852365630394009238  |dc|=5.538e-30
  K= 18  a=              -0.5  b=             -0.25  c= -0.438501166054690678523656303940160184  |dc|=6.78e-32
  K= 20  a=              -0.5  b=             -0.25  c= -0.438501166054690678523656303940160615  |dc|=4.313e-34
  K= 22  a=              -0.5  b=             -0.25  c= -0.438501166054690678523656303940160548  |dc|=6.716e-35
  K= 24  a=              -0.5  b=             -0.25  c= -0.438501166054690678523656303940160547  |dc|=6.673e-37
  K= 26  a=              -0.5  b=             -0.25  c= -0.438501166054690678523656303940160548  |dc|=1.74e-37
  K= 28  a=              -0.5  b=             -0.25  c= -0.438501166054690678523656303940160548  |dc|=9.472e-39
  K= 30  a=              -0.5  b=             -0.25  c= -0.438501166054690678523656303940160548  |dc|=2.05e-40
  K= 32  a=              -0.5  b=             -0.25  c= -0.438501166054690678523656303940160548  |dc|=1.182e-41
  K= 34  a=              -0.5  b=             -0.25  c= -0.438501166054690678523656303940160548  |dc|=2.478e-42
  K= 36  a=              -0.5  b=             -0.25  c= -0.438501166054690678523656303940160548  |dc|=3.079e-43
  K= 38  a=              -0.5  b=             -0.25  c= -0.438501166054690678523656303940160548  |dc|=3.375e-44
  K= 40  a=              -0.5  b=             -0.25  c= -0.438501166054690678523656303940160548  |dc|=3.759e-45
  K= 42  a=              -0.5  b=             -0.25  c= -0.438501166054690678523656303940160548  |dc|=4.061e-46
  K= 44  a=              -0.5  b=             -0.25  c= -0.438501166054690678523656303940160548  |dc|=4.54e-47
  K= 46  a=              -0.5  b=             -0.25  c= -0.438501166054690678523656303940160548  |dc|=4.978e-48
  K= 48  a=              -0.5  b=             -0.25  c= -0.438501166054690678523656303940160548  |dc|=5.265e-49
  K= 50  a=              -0.5  b=             -0.25  c= -0.438501166054690678523656303940160548  |dc|=3.039e-50
  K= 52  a=              -0.5  b=             -0.25  c= -0.438501166054690678523656303940160548  |dc|=3.842e-51
  K= 54  a=              -0.5  b=             -0.25  c= -0.438501166054690678523656303940160548  |dc|=1.94e-51
  K= 56  a=              -0.5  b=             -0.25  c= -0.438501166054690678523656303940160548  |dc|=5.233e-52
  K= 58  a=              -0.5  b=             -0.25  c= -0.438501166054690678523656303940160548  |dc|=1.007e-52
  K= 60  a=              -0.5  b=             -0.25  c= -0.438501166054690678523656303940160548  |dc|=1.562e-53
  K= 62  a=              -0.5  b=             -0.25  c= -0.438501166054690678523656303940160548  |dc|=1.277e-54
  K= 64  a=              -0.5  b=             -0.25  c= -0.438501166054690678523656303940160548  |dc|=2.088e-55
  K= 66  a=              -0.5  b=             -0.25  c= -0.438501166054690678523656303940160548  |dc|=1.301e-55
  K= 68  a=              -0.5  b=             -0.25  c= -0.438501166054690678523656303940160548  |dc|=3.174e-56
  K= 70  a=              -0.5  b=             -0.25  c= -0.438501166054690678523656303940160548  |dc|=3.587e-57
  K= 72  a=              -0.5  b=             -0.25  c= -0.438501166054690678523656303940160548  |dc|=2.419e-58
  K= 74  a=              -0.5  b=             -0.25  c= -0.438501166054690678523656303940160548  |dc|=3.547e-58
  K= 76  a=              -0.5  b=             -0.25  c= -0.438501166054690678523656303940160548  |dc|=9.821e-59
  K= 78  a=              -0.5  b=             -0.25  c= -0.438501166054690678523656303940160548  |dc|=7.515e-60
  K= 80  a=              -0.5  b=             -0.25  c= -0.438501166054690678523656303940160548  |dc|=4.253e-60
  K= 82  a=              -0.5  b=             -0.25  c= -0.438501166054690678523656303940160548  |dc|=1.898e-60
  K= 84  a=              -0.5  b=             -0.25  c= -0.438501166054690678523656303940160548  |dc|=2.568e-61
  K= 86  a=              -0.5  b=             -0.25  c= -0.438501166054690678523656303940160548  |dc|=7.505e-62
  K= 88  a=              -0.5  b=             -0.25  c= -0.438501166054690678523656303940160548  |dc|=4.495e-62
  K= 90  a=              -0.5  b=             -0.25  c= -0.438501166054690678523656303940160548  |dc|=6.245e-63
  K= 92  a=              -0.5  b=             -0.25  c= -0.438501166054690678523656303940160548  |dc|=2.743e-63
  K= 94  a=              -0.5  b=             -0.25  c= -0.438501166054690678523656303940160548  |dc|=1.338e-63
  K= 96  a=              -0.5  b=             -0.25  c= -0.438501166054690678523656303940160548  |dc|=7.323e-65
  K= 98  a=              -0.5  b=             -0.25  c= -0.438501166054690678523656303940160548  |dc|=1.314e-64
  K=100  a=              -0.5  b=             -0.25  c= -0.438501166054690678523656303940160548  |dc|=4.002e-65
  K=102  a=              -0.5  b=             -0.25  c= -0.438501166054690678523656303940160548  |dc|=6.202e-66
  K=104  a=              -0.5  b=             -0.25  c= -0.438501166054690678523656303940160548  |dc|=6.425e-66
  K=106  a=              -0.5  b=             -0.25  c= -0.438501166054690678523656303940160548  |dc|=5.31e-67
  K=108  a=              -0.5  b=             -0.25  c= -0.438501166054690678523656303940160548  |dc|=7.712e-67
  K=110  a=              -0.5  b=             -0.25  c= -0.438501166054690678523656303940160548  |dc|=2.057e-67
  K=112  a=              -0.5  b=             -0.25  c= -0.438501166054690678523656303940160548  |dc|=7.601e-68
  K=114  a=              -0.5  b=             -0.25  c= -0.438501166054690678523656303940160548  |dc|=4.119e-68
  K=116  a=              -0.5  b=             -0.25  c= -0.438501166054690678523656303940160548  |dc|=6.062e-69
  K=118  a=              -0.5  b=             -0.25  c= -0.438501166054690678523656303940160548  |dc|=7.483e-69
  K=120  a=              -0.5  b=             -0.25  c= -0.438501166054690678523656303940160548  |dc|=1.682e-70
  K=122  a=              -0.5  b=             -0.25  c= -0.438501166054690678523656303940160548  |dc|=1.237e-69
  K=124  a=              -0.5  b=             -0.25  c= -0.438501166054690678523656303940160548  |dc|=8.096e-71
  K=126  a=              -0.5  b=             -0.25  c= -0.438501166054690678523656303940160548  |dc|=2.112e-70
  K=128  a=              -0.5  b=             -0.25  c= -0.438501166054690678523656303940160548  |dc|=2.536e-71
  K=130  a=              -0.5  b=             -0.25  c= -0.438501166054690678523656303940160548  |dc|=3.941e-71
  K=132  a=              -0.5  b=             -0.25  c= -0.438501166054690678523656303940160548  |dc|=5.236e-72
  K=134  a=              -0.5  b=             -0.25  c= -0.438501166054690678523656303940160548  |dc|=7.539e-72
  K=136  a=              -0.5  b=             -0.25  c= -0.438501166054690678523656303940160548  |dc|=1.018e-72
  K=138  a=              -0.5  b=             -0.25  c= -0.438501166054690678523656303940160548  |dc|=1.41e-72

selected K = 136  (flattest 3-order window)

[error budget on c]
  (E1) order truncation      : 1.4105e-72  -> 71.8506 digits
  (E2) window sensitivity    : 7.81179e-73  -> 72.1072 digits
  (E3) data-noise amplified  : 3.81039e-114  -> 113.419 digits
  ADOPTED sigma_c            : 1.4105e-72
  HONEST DIGITS IN c         : 71   (working precision was 515 dps -- a different number)

[held-out test] s=67.0 excluded from fit, |prediction - computed| = 3.75487e-82

wrote out/constant.json

==============================================================================
RUN  python gate.py
==============================================================================
==============================================================================
PHASE 0.3  CALIBRATION GATE
==============================================================================
  c   (VERIFIED, this session, 71 honest digits)
      = -0.438501166054690678523656303940160547619150796475584079822844
  sigma_c                       = 1.4105e-72
  candidate (CONJECTURED form) (1/12)log2 + 3 zeta'(-1)
      = -0.438501166054690678523656303940160547619150796475584079822844
  |c - candidate|               = 1.05889e-72
  AGREEMENT                     = 71.97515 digits
  gate threshold                = 12 digits

  agreement vs error bar: |c - candidate| <= 10*sigma_c  -> CONSISTENT

  GATE PASSED.  The pipeline reproduces the known constant.

==============================================================================
RUN  python run_pslq.py
==============================================================================
==============================================================================
PHASE 0.4  PSLQ HARNESS
==============================================================================
  honest digits in c, D            : 71
  control-(i) sensitivity floor    : P >= 31
  reconfirmation budget            : P + 30 <= 68
  diagnostic precision P_max       : 68  (cannot satisfy criterion (a))
  coefficient sup-norm threshold   : 10000

  P is chosen per basis as the SMALLEST admissible precision,
  P = max(measured spurious threshold, control-(i) floor),
  because every digit spent on the search is a digit unavailable
  for the reconfirmation at P+30.

[1] basis constants recomputed at +30 digits
    1              agrees to 68.0 digits
    log2           agrees to 68.0 digits
    logpi          agrees to 68.0 digits
    gamma          agrees to 68.0 digits
    zeta'(-1)      agrees to 68.0 digits
    zeta(3)/pi^2   agrees to 68.0 digits
    Catalan        agrees to 68.0 digits
    log(1+sqrt2)   agrees to 68.0 digits
    zeta'(-1) vs 1/12 - log(Glaisher): agrees to 78.3895 digits

------------------------------------------------------------------------------
[basis of 8] ['1', 'log2', 'logpi', 'gamma', "zeta'(-1)", 'zeta(3)/pi^2', 'Catalan', 'log(1+sqrt2)']
------------------------------------------------------------------------------
  [2] spurious-relation threshold (random targets, blind to c)
    [pslq] NULL-random(dps=10,trial=0)  dps=10    maxcoeff=10000    -> NO RELATION
    [pslq] NULL-random(dps=10,trial=1)  dps=10    maxcoeff=10000    -> NO RELATION
    [pslq] NULL-random(dps=10,trial=2)  dps=10    maxcoeff=10000    -> NO RELATION
    [pslq] NULL-random(dps=15,trial=0)  dps=15    maxcoeff=10000    -> [1, 3, 2, 0, -3, -1, -14, -2, -1]
    [pslq] NULL-random(dps=15,trial=1)  dps=15    maxcoeff=10000    -> [-1, -3, 3, 2, -1, 3, 5, 0, 1]
    [pslq] NULL-random(dps=15,trial=2)  dps=15    maxcoeff=10000    -> [233, -231, -1, 0, -232, -231, -231, -1, -1]
    [pslq] NULL-random(dps=20,trial=0)  dps=20    maxcoeff=10000    -> [-18, 10, 8, -3, -7, -26, -9, 15, -1]
    [pslq] NULL-random(dps=20,trial=1)  dps=20    maxcoeff=10000    -> [-8, 5, 4, 5, 4, 0, 23, -20, 12]
    [pslq] NULL-random(dps=20,trial=2)  dps=20    maxcoeff=10000    -> [-103, 212, -53, 57, 26, -166, -180, -222, 53]
    [pslq] NULL-random(dps=25,trial=0)  dps=25    maxcoeff=10000    -> [47, -6, -11, 32, -72, -7, 119, -60, 9]
    [pslq] NULL-random(dps=25,trial=1)  dps=25    maxcoeff=10000    -> [-69, 49, 37, 1, 9, 83, 7, -16, 54]
    [pslq] NULL-random(dps=25,trial=2)  dps=25    maxcoeff=10000    -> [-17, -49, 74, 0, 22, 27, 22, 36, -26]
    [pslq] NULL-random(dps=30,trial=0)  dps=30    maxcoeff=10000    -> [69, 122, -30, 62, 179, 10, 29, 47, -471]
    [pslq] NULL-random(dps=30,trial=1)  dps=30    maxcoeff=10000    -> [-212, 115, -167, 93, 25, 42, 251, 99, 100]
    [pslq] NULL-random(dps=30,trial=2)  dps=30    maxcoeff=10000    -> [99, -11, 355, -96, 4, -15, -225, -135, -129]
    [pslq] NULL-random(dps=40,trial=0)  dps=40    maxcoeff=10000    -> [6174, -8769, -5954, 7812, -2717, -258, 2704, -839, -2369]
    [pslq] NULL-random(dps=40,trial=1)  dps=40    maxcoeff=10000    -> [-2757, -1897, 2730, 5270, -286, -907, 1657, -219, -2147]
    [pslq] NULL-random(dps=40,trial=2)  dps=40    maxcoeff=10000    -> [-5963, 7680, -8650, 2517, 4057, 5334, 2298, 5488, 525]
    [pslq] NULL-random(dps=50,trial=0)  dps=50    maxcoeff=10000    -> NO RELATION
    [pslq] NULL-random(dps=50,trial=1)  dps=50    maxcoeff=10000    -> NO RELATION
    [pslq] NULL-random(dps=50,trial=2)  dps=50    maxcoeff=10000    -> NO RELATION
    [pslq] NULL-random(dps=55,trial=0)  dps=55    maxcoeff=10000    -> NO RELATION
    [pslq] NULL-random(dps=55,trial=1)  dps=55    maxcoeff=10000    -> NO RELATION
    [pslq] NULL-random(dps=55,trial=2)  dps=55    maxcoeff=10000    -> NO RELATION
    [pslq] NULL-random(dps=60,trial=0)  dps=60    maxcoeff=10000    -> NO RELATION
    [pslq] NULL-random(dps=60,trial=1)  dps=60    maxcoeff=10000    -> NO RELATION
    [pslq] NULL-random(dps=60,trial=2)  dps=60    maxcoeff=10000    -> NO RELATION
    [pslq] NULL-random(dps=68,trial=0)  dps=68    maxcoeff=10000    -> NO RELATION
    [pslq] NULL-random(dps=68,trial=1)  dps=68    maxcoeff=10000    -> NO RELATION
    [pslq] NULL-random(dps=68,trial=2)  dps=68    maxcoeff=10000    -> NO RELATION
    [pslq] NULL-random(dps=80,trial=0)  dps=80    maxcoeff=10000    -> NO RELATION
    [pslq] NULL-random(dps=80,trial=1)  dps=80    maxcoeff=10000    -> NO RELATION
    [pslq] NULL-random(dps=80,trial=2)  dps=80    maxcoeff=10000    -> NO RELATION
      dps=10    random targets=3 relations found=0
      dps=15    random targets=3 relations found=3
      dps=20    random targets=3 relations found=3
      dps=25    random targets=3 relations found=3
      dps=30    random targets=3 relations found=3
      dps=40    random targets=3 relations found=3
      dps=50    random targets=3 relations found=0
      dps=55    random targets=3 relations found=0
      dps=60    random targets=3 relations found=0
      dps=68    random targets=3 relations found=0
      dps=80    random targets=3 relations found=0
    -> spurious relations persist below dps 50; basis usable only for P >= 50
    -> P = max(50, 31) = 50; needs P+30 = 80 <= 68  -> INSUFFICIENT PRECISION
    -> this basis needs c to >= 83 honest digits; have 71.
  [3] DIAGNOSTIC search at P_max=68 (not reportable by construction)
    [pslq] DIAGNOSTIC P_max=68          dps=68    maxcoeff=10000    -> [-12, 0, 1, 0, 0, 36, 0, 0, 0]
      -12*c +1*log2 +36*zeta'(-1) = 0
  [4,5] SKIPPED: running them here would be a guaranteed-fail protocol, not a test.

  >>> NOT reportable at basis size 8; shrinking basis per the pre-declared nesting.

------------------------------------------------------------------------------
[basis of 6] ['1', 'log2', 'logpi', 'gamma', "zeta'(-1)", 'zeta(3)/pi^2']
------------------------------------------------------------------------------
  [2] spurious-relation threshold (random targets, blind to c)
    [pslq] NULL-random(dps=10,trial=0)  dps=10    maxcoeff=10000    -> NO RELATION
    [pslq] NULL-random(dps=10,trial=1)  dps=10    maxcoeff=10000    -> NO RELATION
    [pslq] NULL-random(dps=10,trial=2)  dps=10    maxcoeff=10000    -> NO RELATION
    [pslq] NULL-random(dps=15,trial=0)  dps=15    maxcoeff=10000    -> [6, 0, 14, -15, 0, 4, -12]
    [pslq] NULL-random(dps=15,trial=1)  dps=15    maxcoeff=10000    -> [6, -11, -1, 5, -10, -4, 3]
    [pslq] NULL-random(dps=15,trial=2)  dps=15    maxcoeff=10000    -> [1463, -1461, -1, -1, -1463, -1462, -1463]
    [pslq] NULL-random(dps=20,trial=0)  dps=20    maxcoeff=10000    -> [64, -137, -53, 2, 72, -265, 2]
    [pslq] NULL-random(dps=20,trial=1)  dps=20    maxcoeff=10000    -> [-13, -33, 49, -26, 69, -29, 15]
    [pslq] NULL-random(dps=20,trial=2)  dps=20    maxcoeff=10000    -> [-10, 1, 32, 31, -85, -29, -35]
    [pslq] NULL-random(dps=25,trial=0)  dps=25    maxcoeff=10000    -> [-342, 75, 299, 131, -245, -160, 378]
    [pslq] NULL-random(dps=25,trial=1)  dps=25    maxcoeff=10000    -> [-271, 303, 185, 8, -85, 141, 237]
    [pslq] NULL-random(dps=25,trial=2)  dps=25    maxcoeff=10000    -> [353, 159, 245, -824, 232, -112, -173]
    [pslq] NULL-random(dps=30,trial=0)  dps=30    maxcoeff=10000    -> [-2606, 1754, 128, 1947, -11, 2221, -995]
    [pslq] NULL-random(dps=30,trial=1)  dps=30    maxcoeff=10000    -> [-977, 1107, 1763, 389, -586, 3947, -2435]
    [pslq] NULL-random(dps=30,trial=2)  dps=30    maxcoeff=10000    -> [-2102, 2741, 23, -1807, 2611, -2353, 2276]
    [pslq] NULL-random(dps=40,trial=0)  dps=40    maxcoeff=10000    -> NO RELATION
    [pslq] NULL-random(dps=40,trial=1)  dps=40    maxcoeff=10000    -> NO RELATION
    [pslq] NULL-random(dps=40,trial=2)  dps=40    maxcoeff=10000    -> NO RELATION
    [pslq] NULL-random(dps=50,trial=0)  dps=50    maxcoeff=10000    -> NO RELATION
    [pslq] NULL-random(dps=50,trial=1)  dps=50    maxcoeff=10000    -> NO RELATION
    [pslq] NULL-random(dps=50,trial=2)  dps=50    maxcoeff=10000    -> NO RELATION
    [pslq] NULL-random(dps=55,trial=0)  dps=55    maxcoeff=10000    -> NO RELATION
    [pslq] NULL-random(dps=55,trial=1)  dps=55    maxcoeff=10000    -> NO RELATION
    [pslq] NULL-random(dps=55,trial=2)  dps=55    maxcoeff=10000    -> NO RELATION
    [pslq] NULL-random(dps=60,trial=0)  dps=60    maxcoeff=10000    -> NO RELATION
    [pslq] NULL-random(dps=60,trial=1)  dps=60    maxcoeff=10000    -> NO RELATION
    [pslq] NULL-random(dps=60,trial=2)  dps=60    maxcoeff=10000    -> NO RELATION
    [pslq] NULL-random(dps=68,trial=0)  dps=68    maxcoeff=10000    -> NO RELATION
    [pslq] NULL-random(dps=68,trial=1)  dps=68    maxcoeff=10000    -> NO RELATION
    [pslq] NULL-random(dps=68,trial=2)  dps=68    maxcoeff=10000    -> NO RELATION
    [pslq] NULL-random(dps=80,trial=0)  dps=80    maxcoeff=10000    -> NO RELATION
    [pslq] NULL-random(dps=80,trial=1)  dps=80    maxcoeff=10000    -> NO RELATION
    [pslq] NULL-random(dps=80,trial=2)  dps=80    maxcoeff=10000    -> NO RELATION
      dps=10    random targets=3 relations found=0
      dps=15    random targets=3 relations found=3
      dps=20    random targets=3 relations found=3
      dps=25    random targets=3 relations found=3
      dps=30    random targets=3 relations found=3
      dps=40    random targets=3 relations found=0
      dps=50    random targets=3 relations found=0
      dps=55    random targets=3 relations found=0
      dps=60    random targets=3 relations found=0
      dps=68    random targets=3 relations found=0
      dps=80    random targets=3 relations found=0
    -> spurious relations persist below dps 40; basis usable only for P >= 40
    -> P = max(40, 31) = 40; needs P+30 = 70 <= 68  -> INSUFFICIENT PRECISION
    -> this basis needs c to >= 73 honest digits; have 71.
  [3] DIAGNOSTIC search at P_max=68 (not reportable by construction)
    [pslq] DIAGNOSTIC P_max=68          dps=68    maxcoeff=10000    -> [12, 0, -1, 0, 0, -36, 0]
      +12*c -1*log2 -36*zeta'(-1) = 0
  [4,5] SKIPPED: running them here would be a guaranteed-fail protocol, not a test.

  >>> NOT reportable at basis size 6; shrinking basis per the pre-declared nesting.

------------------------------------------------------------------------------
[basis of 4] ['1', 'log2', 'gamma', "zeta'(-1)"]
------------------------------------------------------------------------------
  [2] spurious-relation threshold (random targets, blind to c)
    [pslq] NULL-random(dps=10,trial=0)  dps=10    maxcoeff=10000    -> NO RELATION
    [pslq] NULL-random(dps=10,trial=1)  dps=10    maxcoeff=10000    -> NO RELATION
    [pslq] NULL-random(dps=10,trial=2)  dps=10    maxcoeff=10000    -> NO RELATION
    [pslq] NULL-random(dps=15,trial=0)  dps=15    maxcoeff=10000    -> [21, -10, -9, -24, 21]
    [pslq] NULL-random(dps=15,trial=1)  dps=15    maxcoeff=10000    -> [12, -4, -16, -17, -21]
    [pslq] NULL-random(dps=15,trial=2)  dps=15    maxcoeff=10000    -> [10, -17, -13, 44, 89]
    [pslq] NULL-random(dps=20,trial=0)  dps=20    maxcoeff=10000    -> [313, 901, -616, -1607, -205]
    [pslq] NULL-random(dps=20,trial=1)  dps=20    maxcoeff=10000    -> [-23, 190, -75, -140, 157]
    [pslq] NULL-random(dps=20,trial=2)  dps=20    maxcoeff=10000    -> [233, -412, 89, 79, -414]
    [pslq] NULL-random(dps=25,trial=0)  dps=25    maxcoeff=10000    -> [2596, 1190, 853, -5825, 7113]
    [pslq] NULL-random(dps=25,trial=1)  dps=25    maxcoeff=10000    -> [6167, -6353, 5078, -8363, 8287]
    [pslq] NULL-random(dps=25,trial=2)  dps=25    maxcoeff=10000    -> [1878, 3382, -5140, -1406, 9537]
    [pslq] NULL-random(dps=30,trial=0)  dps=30    maxcoeff=10000    -> NO RELATION
    [pslq] NULL-random(dps=30,trial=1)  dps=30    maxcoeff=10000    -> NO RELATION
    [pslq] NULL-random(dps=30,trial=2)  dps=30    maxcoeff=10000    -> NO RELATION
    [pslq] NULL-random(dps=40,trial=0)  dps=40    maxcoeff=10000    -> NO RELATION
    [pslq] NULL-random(dps=40,trial=1)  dps=40    maxcoeff=10000    -> NO RELATION
    [pslq] NULL-random(dps=40,trial=2)  dps=40    maxcoeff=10000    -> NO RELATION
    [pslq] NULL-random(dps=50,trial=0)  dps=50    maxcoeff=10000    -> NO RELATION
    [pslq] NULL-random(dps=50,trial=1)  dps=50    maxcoeff=10000    -> NO RELATION
    [pslq] NULL-random(dps=50,trial=2)  dps=50    maxcoeff=10000    -> NO RELATION
    [pslq] NULL-random(dps=55,trial=0)  dps=55    maxcoeff=10000    -> NO RELATION
    [pslq] NULL-random(dps=55,trial=1)  dps=55    maxcoeff=10000    -> NO RELATION
    [pslq] NULL-random(dps=55,trial=2)  dps=55    maxcoeff=10000    -> NO RELATION
    [pslq] NULL-random(dps=60,trial=0)  dps=60    maxcoeff=10000    -> NO RELATION
    [pslq] NULL-random(dps=60,trial=1)  dps=60    maxcoeff=10000    -> NO RELATION
    [pslq] NULL-random(dps=60,trial=2)  dps=60    maxcoeff=10000    -> NO RELATION
    [pslq] NULL-random(dps=68,trial=0)  dps=68    maxcoeff=10000    -> NO RELATION
    [pslq] NULL-random(dps=68,trial=1)  dps=68    maxcoeff=10000    -> NO RELATION
    [pslq] NULL-random(dps=68,trial=2)  dps=68    maxcoeff=10000    -> NO RELATION
    [pslq] NULL-random(dps=80,trial=0)  dps=80    maxcoeff=10000    -> NO RELATION
    [pslq] NULL-random(dps=80,trial=1)  dps=80    maxcoeff=10000    -> NO RELATION
    [pslq] NULL-random(dps=80,trial=2)  dps=80    maxcoeff=10000    -> NO RELATION
      dps=10    random targets=3 relations found=0
      dps=15    random targets=3 relations found=3
      dps=20    random targets=3 relations found=3
      dps=25    random targets=3 relations found=3
      dps=30    random targets=3 relations found=0
      dps=40    random targets=3 relations found=0
      dps=50    random targets=3 relations found=0
      dps=55    random targets=3 relations found=0
      dps=60    random targets=3 relations found=0
      dps=68    random targets=3 relations found=0
      dps=80    random targets=3 relations found=0
    -> spurious relations persist below dps 30; basis usable only for P >= 30
    -> P = max(30, 31) = 31; needs P+30 = 61 <= 68  -> OK
  [3] DIAGNOSTIC search at P_max=68 (not reportable by construction)
    [pslq] DIAGNOSTIC P_max=68          dps=68    maxcoeff=10000    -> [-12, 0, 1, 0, 36]
      -12*c +1*log2 +36*zeta'(-1) = 0
  [4] gated search at P=31, reconfirmation at P+30
    [pslq] TARGET c (P=31)              dps=31    maxcoeff=10000    -> [-12, 0, 1, 0, 36]
    [pslq] TARGET c (P+30=61)           dps=61    maxcoeff=10000    -> [-12, 0, 1, 0, 36]
  [5] null controls
    [pslq] NULL-perturbed c*(1+1e-20)   dps=31    maxcoeff=10000    -> NO RELATION
    [pslq] NULL-random 30-digit constant dps=31    maxcoeff=10000    -> NO RELATION
      null controls PASS

  >>> REPORTABLE at basis size 4: (a) reconfirmed at P+30 with identical coefficients, (b) sup-norm within threshold, (c) both null controls empty, and P is at or above the measured spurious threshold.
      -12*c +1*log2 +36*zeta'(-1) = 0

wrote out/pslq_result.json and out/pslq_calls.json

target 'verify-fast' completed
